C51 COMPILER V9.60.0.0   RANDOM                                                            06/28/2022 02:25:30 PAGE 1   


C51 COMPILER V9.60.0.0, COMPILATION OF MODULE RANDOM
OBJECT MODULE PLACED IN .\Objects\random.obj
COMPILER INVOKED BY: C:\Program Files\Keil\C51\BIN\C51.EXE Src\random\random.c OMF2 OPTIMIZE(0,SPEED) BROWSE DEFINE(STC)
                    - DEBUG PRINT(.\Listings\random.lst) TABS(2) OBJECT(.\Objects\random.obj)

line level    source

   1          #include "random.h"
   2          
   3          XDATA u32 __rndseed = 0xf2e0062c;
   4          
   5          u32 rand32() large
   6          {
   7   1          //LCG: (aX+c)%m
   8   1          __rndseed = ((__rndseed * 1103515245) + 12345) & 0x7fffffff;
   9   1          return __rndseed;
  10   1      }


MODULE INFORMATION:   STATIC OVERLAYABLE
   CODE SIZE        =     78    ----
   CONSTANT SIZE    =   ----    ----
   XDATA SIZE       =      4    ----
   PDATA SIZE       =   ----    ----
   DATA SIZE        =   ----    ----
   IDATA SIZE       =   ----    ----
   BIT SIZE         =   ----    ----
   EDATA SIZE       =   ----    ----
   HDATA SIZE       =   ----    ----
   XDATA CONST SIZE =   ----    ----
   FAR CONST SIZE   =   ----    ----
END OF MODULE INFORMATION.


C51 COMPILATION COMPLETE.  0 WARNING(S),  0 ERROR(S)
